// Jest Snapshot v1, https://goo.gl/fbAQLP

exports[`1. twitter 1`] = `
"
import leftPad from 'twitter:712799807073419264'

      ↓ ↓ ↓ ↓ ↓ ↓

const leftPad = (v, n, c = '0') => String(v).length >= n ? '' + v : (String(c).repeat(n) + v).slice(-n);
"
`;

exports[`typo 1`] = `
"
import leftPad from 'tweeeeeeettteerrr:712799807073419264'

      ↓ ↓ ↓ ↓ ↓ ↓

import leftPad from 'tweeeeeeettteerrr:712799807073419264';
"
`;

exports[`use cache 1`] = `
"
import leftPad from 'twitter:712799807073419264'

      ↓ ↓ ↓ ↓ ↓ ↓

const leftPad = (v, n, c = '0') => String(v).length >= n ? '' + v : (String(c).repeat(n) + v).slice(-n);
"
`;
